  ict_scalp_eth_15m                  measured        fidelity=faithful     net_r_oos=28.1325 n=515
  ict_scalp_sol_15m                  measured        fidelity=faithful     net_r_oos=15.9039 n=575
  ict_scalp_xrp_15m                  measured        fidelity=faithful     net_r_oos=19.0184 n=505

strategy-evidence: 3 leg(s)
  measured        3
  no_harness      0
  harness_failed  0
  not_attempted   0
  refused_overwrite 0   (this run's state; the committed record is unchanged)

Fetching ETHUSDT 15 candles 2021-09-26 -> 2026-09-30 (source=binance_vision) …
  vision monthly 2021-09: 2880 bars (480 kept)
  vision monthly 2021-10: 2976 bars (3456 kept)
  vision monthly 2021-11: 2880 bars (6336 kept)
  vision monthly 2021-12: 2976 bars (9312 kept)
  vision monthly 2022-01: 2976 bars (12288 kept)
  vision monthly 2022-02: 2688 bars (14976 kept)
  vision monthly 2022-03: 2976 bars (17952 kept)
  vision monthly 2022-04: 2880 bars (20832 kept)
  vision monthly 2022-05: 2976 bars (23808 kept)
  vision monthly 2022-06: 2880 bars (26688 kept)
  vision monthly 2022-07: 2976 bars (29664 kept)
  vision monthly 2022-08: 2976 bars (32640 kept)
  vision monthly 2022-09: 2880 bars (35520 kept)
  vision monthly 2022-10: 2976 bars (38496 kept)
  vision monthly 2022-11: 2880 bars (41376 kept)
  vision monthly 2022-12: 2976 bars (44352 kept)
  vision monthly 2023-01: 2976 bars (47328 kept)
  vision monthly 2023-02: 2688 bars (50016 kept)
  vision monthly 2023-03: 2976 bars (52992 kept)
  vision monthly 2023-04: 2880 bars (55872 kept)
  vision monthly 2023-05: 2976 bars (58848 kept)
  vision monthly 2023-06: 2880 bars (61728 kept)
  vision monthly 2023-07: 2976 bars (64704 kept)
  vision monthly 2023-08: 2976 bars (67680 kept)
  vision monthly 2023-09: 2880 bars (70560 kept)
  vision monthly 2023-10: 2976 bars (73536 kept)
  vision monthly 2023-11: 2880 bars (76416 kept)
  vision monthly 2023-12: 2976 bars (79392 kept)
  vision monthly 2024-01: 2976 bars (82368 kept)
  vision monthly 2024-02: 2784 bars (85152 kept)
  vision monthly 2024-03: 2976 bars (88128 kept)
  vision monthly 2024-04: 2880 bars (91008 kept)
  vision monthly 2024-05: 2976 bars (93984 kept)
  vision monthly 2024-06: 2880 bars (96864 kept)
  vision monthly 2024-07: 2976 bars (99840 kept)
  vision monthly 2024-08: 2976 bars (102816 kept)
  vision monthly 2024-09: 2880 bars (105696 kept)
  vision monthly 2024-10: 2976 bars (108672 kept)
  vision monthly 2024-11: 2880 bars (111552 kept)
  vision monthly 2024-12: 2976 bars (114528 kept)
  vision monthly 2025-01: 2976 bars (117504 kept)
  vision monthly 2025-02: 2688 bars (120192 kept)
  vision monthly 2025-03: 2976 bars (123168 kept)
  vision monthly 2025-04: 2880 bars (126048 kept)
  vision monthly 2025-05: 2976 bars (129024 kept)
  vision monthly 2025-06: 2880 bars (131904 kept)
  vision monthly 2025-07: 2976 bars (134880 kept)
  vision monthly 2025-08: 2976 bars (137856 kept)
  vision monthly 2025-09: 2880 bars (140736 kept)
  vision monthly 2025-10: 2976 bars (143712 kept)
  vision monthly 2025-11: 2880 bars (146592 kept)
  vision monthly 2025-12: 2976 bars (149568 kept)
  vision monthly 2026-01: 2976 bars (152544 kept)
  vision monthly 2026-02: 2688 bars (155232 kept)
  vision monthly 2026-03: 2976 bars (158208 kept)
  vision monthly 2026-04: 2880 bars (161088 kept)
  vision monthly 2026-05: 2976 bars (164064 kept)
  vision monthly 2026-06: 2880 bars (166944 kept)
  vision monthly 2026-07: 2976 bars (169920 kept)
  vision monthly 2026-08: 2976 bars (172896 kept)
  vision daily 2026-09: 175584 bars kept so far
Wrote 175584 rows (2021-09-26 -> 2026-09-28) to comms/research/RQ-20260930-501/36681432113/runs/ict_scalp_eth_15m__data.csv
Fetching SOLUSDT 15 candles 2021-09-26 -> 2026-09-30 (source=binance_vision) …
  vision monthly 2021-09: 2880 bars (480 kept)
  vision monthly 2021-10: 2976 bars (3456 kept)
  vision monthly 2021-11: 2880 bars (6336 kept)
  vision monthly 2021-12: 2976 bars (9312 kept)
  vision monthly 2022-01: 2976 bars (12288 kept)
  vision monthly 2022-02: 2400 bars (14688 kept)
  vision monthly 2022-03: 2976 bars (17664 kept)
  vision monthly 2022-04: 2688 bars (20352 kept)
  vision monthly 2022-05: 2976 bars (23328 kept)
  vision monthly 2022-06: 2880 bars (26208 kept)
  vision monthly 2022-07: 2976 bars (29184 kept)
  vision monthly 2022-08: 2976 bars (32160 kept)
  vision monthly 2022-09: 2880 bars (35040 kept)
  vision monthly 2022-10: 2976 bars (38016 kept)
  vision monthly 2022-11: 2880 bars (40896 kept)
  vision monthly 2022-12: 2976 bars (43872 kept)
  vision monthly 2023-01: 2976 bars (46848 kept)
  vision monthly 2023-02: 2688 bars (49536 kept)
  vision monthly 2023-03: 2976 bars (52512 kept)
  vision monthly 2023-04: 2880 bars (55392 kept)
  vision monthly 2023-05: 2976 bars (58368 kept)
  vision monthly 2023-06: 2880 bars (61248 kept)
  vision monthly 2023-07: 2976 bars (64224 kept)
  vision monthly 2023-08: 2976 bars (67200 kept)
  vision monthly 2023-09: 2880 bars (70080 kept)
  vision monthly 2023-10: 2976 bars (73056 kept)
  vision monthly 2023-11: 2880 bars (75936 kept)
  vision monthly 2023-12: 2976 bars (78912 kept)
  vision monthly 2024-01: 2976 bars (81888 kept)
  vision monthly 2024-02: 2784 bars (84672 kept)
  vision monthly 2024-03: 2976 bars (87648 kept)
  vision monthly 2024-04: 2880 bars (90528 kept)
  vision monthly 2024-05: 2976 bars (93504 kept)
  vision monthly 2024-06: 2880 bars (96384 kept)
  vision monthly 2024-07: 2976 bars (99360 kept)
  vision monthly 2024-08: 2976 bars (102336 kept)
  vision monthly 2024-09: 2880 bars (105216 kept)
  vision monthly 2024-10: 2976 bars (108192 kept)
  vision monthly 2024-11: 2880 bars (111072 kept)
  vision monthly 2024-12: 2976 bars (114048 kept)
  vision monthly 2025-01: 2976 bars (117024 kept)
  vision monthly 2025-02: 2688 bars (119712 kept)
  vision monthly 2025-03: 2976 bars (122688 kept)
  vision monthly 2025-04: 2880 bars (125568 kept)
  vision monthly 2025-05: 2976 bars (128544 kept)
  vision monthly 2025-06: 2880 bars (131424 kept)
  vision monthly 2025-07: 2976 bars (134400 kept)
  vision monthly 2025-08: 2976 bars (137376 kept)
  vision monthly 2025-09: 2880 bars (140256 kept)
  vision monthly 2025-10: 2976 bars (143232 kept)
  vision monthly 2025-11: 2880 bars (146112 kept)
  vision monthly 2025-12: 2976 bars (149088 kept)
  vision monthly 2026-01: 2976 bars (152064 kept)
  vision monthly 2026-02: 2688 bars (154752 kept)
  vision monthly 2026-03: 2976 bars (157728 kept)
  vision monthly 2026-04: 2880 bars (160608 kept)
  vision monthly 2026-05: 2976 bars (163584 kept)
  vision monthly 2026-06: 2880 bars (166464 kept)
  vision monthly 2026-07: 2976 bars (169440 kept)
  vision monthly 2026-08: 2976 bars (172416 kept)
  vision daily 2026-09: 175104 bars kept so far
Wrote 175104 rows (2021-09-26 -> 2026-09-28) to comms/research/RQ-20260930-501/36681432113/runs/ict_scalp_sol_15m__data.csv
Fetching XRPUSDT 15 candles 2021-09-26 -> 2026-09-30 (source=binance_vision) …
  vision monthly 2021-09: 2880 bars (480 kept)
  vision monthly 2021-10: 2976 bars (3456 kept)
  vision monthly 2021-11: 2880 bars (6336 kept)
  vision monthly 2021-12: 2976 bars (9312 kept)
  vision monthly 2022-01: 2976 bars (12288 kept)
  vision monthly 2022-02: 2400 bars (14688 kept)
  vision monthly 2022-03: 2976 bars (17664 kept)
  vision monthly 2022-04: 2688 bars (20352 kept)
  vision monthly 2022-05: 2976 bars (23328 kept)
  vision monthly 2022-06: 2880 bars (26208 kept)
  vision monthly 2022-07: 2976 bars (29184 kept)
  vision monthly 2022-08: 2976 bars (32160 kept)
  vision monthly 2022-09: 2880 bars (35040 kept)
  vision monthly 2022-10: 2976 bars (38016 kept)
  vision monthly 2022-11: 2880 bars (40896 kept)
  vision monthly 2022-12: 2976 bars (43872 kept)
  vision monthly 2023-01: 2976 bars (46848 kept)
  vision monthly 2023-02: 2688 bars (49536 kept)
  vision monthly 2023-03: 2976 bars (52512 kept)
  vision monthly 2023-04: 2880 bars (55392 kept)
  vision monthly 2023-05: 2976 bars (58368 kept)
  vision monthly 2023-06: 2880 bars (61248 kept)
  vision monthly 2023-07: 2976 bars (64224 kept)
  vision monthly 2023-08: 2976 bars (67200 kept)
  vision monthly 2023-09: 2880 bars (70080 kept)
  vision monthly 2023-10: 2976 bars (73056 kept)
  vision monthly 2023-11: 2880 bars (75936 kept)
  vision monthly 2023-12: 2976 bars (78912 kept)
  vision monthly 2024-01: 2976 bars (81888 kept)
  vision monthly 2024-02: 2784 bars (84672 kept)
  vision monthly 2024-03: 2976 bars (87648 kept)
  vision monthly 2024-04: 2880 bars (90528 kept)
  vision monthly 2024-05: 2976 bars (93504 kept)
  vision monthly 2024-06: 2880 bars (96384 kept)
  vision monthly 2024-07: 2976 bars (99360 kept)
  vision monthly 2024-08: 2976 bars (102336 kept)
  vision monthly 2024-09: 2880 bars (105216 kept)
  vision monthly 2024-10: 2976 bars (108192 kept)
  vision monthly 2024-11: 2880 bars (111072 kept)
  vision monthly 2024-12: 2976 bars (114048 kept)
  vision monthly 2025-01: 2976 bars (117024 kept)
  vision monthly 2025-02: 2688 bars (119712 kept)
  vision monthly 2025-03: 2976 bars (122688 kept)
  vision monthly 2025-04: 2880 bars (125568 kept)
  vision monthly 2025-05: 2976 bars (128544 kept)
  vision monthly 2025-06: 2880 bars (131424 kept)
  vision monthly 2025-07: 2976 bars (134400 kept)
  vision monthly 2025-08: 2976 bars (137376 kept)
  vision monthly 2025-09: 2880 bars (140256 kept)
  vision monthly 2025-10: 2976 bars (143232 kept)
  vision monthly 2025-11: 2880 bars (146112 kept)
  vision monthly 2025-12: 2976 bars (149088 kept)
  vision monthly 2026-01: 2976 bars (152064 kept)
  vision monthly 2026-02: 2688 bars (154752 kept)
  vision monthly 2026-03: 2976 bars (157728 kept)
  vision monthly 2026-04: 2880 bars (160608 kept)
  vision monthly 2026-05: 2976 bars (163584 kept)
  vision monthly 2026-06: 2880 bars (166464 kept)
  vision monthly 2026-07: 2976 bars (169440 kept)
  vision monthly 2026-08: 2976 bars (172416 kept)
  vision daily 2026-09: 175104 bars kept so far
Wrote 175104 rows (2021-09-26 -> 2026-09-28) to comms/research/RQ-20260930-501/36681432113/runs/ict_scalp_xrp_15m__data.csv
