prop_ev_grid: 7 leg(s) x 1 arm(s) x 5 seed(s) = 35 cells, 4 parallel
  spy_trend_long_1d            A        seed=1 exit=0 ev=-40.84 p=0.0270 (391.6s)
  spy_trend_long_1d            A        seed=2 exit=0 ev=-40.41 p=0.0295 (400.0s)
  spy_trend_long_1d            A        seed=3 exit=0 ev=-41.04 p=0.0272 (405.3s)
  spy_trend_long_1d            A        seed=4 exit=0 ev=-40.59 p=0.0288 (384.3s)
  spy_trend_long_1d            A        seed=5 exit=0 ev=-40.57 p=0.0297 (410.9s)
  spy_pullback_1h              A        seed=1 exit=0 ev=-37.46 p=0.0288 (130.6s)
  spy_pullback_1h              A        seed=2 exit=0 ev=-37.76 p=0.0240 (130.0s)
  spy_pullback_1h              A        seed=3 exit=0 ev=-34.77 p=0.0318 (128.6s)
  spy_pullback_1h              A        seed=4 exit=0 ev=-36.34 p=0.0305 (129.0s)
  spy_pullback_1h              A        seed=5 exit=0 ev=-37.53 p=0.0265 (127.3s)
  mes_trend_long_1d            A        seed=1 exit=0 ev=-44.98 p=0.0003 (461.2s)
  mes_trend_long_1d            A        seed=2 exit=0 ev=-44.88 p=0.0008 (466.9s)
  mes_trend_long_1d            A        seed=3 exit=0 ev=-44.95 p=0.0005 (491.9s)
  mes_trend_long_1d            A        seed=4 exit=0 ev=-44.92 p=0.0008 (467.2s)
  mes_trend_long_1d            A        seed=5 exit=0 ev=-44.91 p=0.0008 (482.9s)
  qqq_trend_long_1d            A        seed=1 exit=0 ev=-5.84 p=0.1870 (512.2s)
  qqq_trend_long_1d            A        seed=2 exit=0 ev=-3.82 p=0.1963 (501.5s)
  qqq_trend_long_1d            A        seed=3 exit=0 ev=-1.49 p=0.2013 (523.9s)
  qqq_trend_long_1d            A        seed=4 exit=0 ev=-4.91 p=0.1885 (504.0s)
  qqq_trend_long_1d            A        seed=5 exit=0 ev=-6.31 p=0.1930 (525.6s)
  tqqq_trend_long_1d           A        seed=1 exit=0 ev=-40.04 p=0.0413 (438.9s)
  tqqq_trend_long_1d           A        seed=2 exit=0 ev=-39.80 p=0.0405 (446.8s)
  tqqq_trend_long_1d           A        seed=3 exit=0 ev=-40.00 p=0.0387 (442.9s)
  tqqq_trend_long_1d           A        seed=4 exit=0 ev=-39.39 p=0.0423 (442.0s)
  tqqq_trend_long_1d           A        seed=5 exit=0 ev=-39.28 p=0.0447 (448.6s)
  slv_pullback_1d              A        seed=1 exit=0 ev=-15.13 p=0.1535 (463.3s)
  slv_pullback_1d              A        seed=2 exit=0 ev=-16.13 p=0.1525 (447.4s)
  slv_pullback_1d              A        seed=3 exit=0 ev=-15.21 p=0.1562 (454.7s)
  slv_pullback_1d              A        seed=4 exit=0 ev=-15.87 p=0.1565 (464.9s)
  slv_pullback_1d              A        seed=5 exit=0 ev=-15.94 p=0.1568 (463.2s)
  uso_trend_1h                 A        seed=1 exit=0 ev=+402.82 p=0.5363 (289.7s)
  uso_trend_1h                 A        seed=2 exit=0 ev=+387.41 p=0.5268 (310.3s)
  uso_trend_1h                 A        seed=3 exit=0 ev=+385.64 p=0.5290 (320.0s)
  uso_trend_1h                 A        seed=4 exit=0 ev=+372.26 p=0.5225 (221.7s)
  uso_trend_1h                 A        seed=5 exit=0 ev=+387.96 p=0.5312 (267.7s)
prop_ev_grid: overall=indeterminate {"spy_trend_long_1d": "indeterminate", "spy_pullback_1h": "indeterminate", "mes_trend_long_1d": "indeterminate", "qqq_trend_long_1d": "indeterminate", "tqqq_trend_long_1d": "indeterminate", "slv_pullback_1d": "indeterminate", "uso_trend_1h": "indeterminate"}
