prop_ev_grid: 2 leg(s) x 5 arm(s) x 5 seed(s) = 50 cells, 4 parallel
  trend_donchian_eth_prop      A        seed=1 exit=0 ev=+128.04 p=0.3115 (124.3s)
  trend_donchian_eth_prop      A        seed=2 exit=0 ev=+128.38 p=0.3063 (124.1s)
  trend_donchian_eth_prop      A        seed=3 exit=0 ev=+139.94 p=0.3225 (116.3s)
  trend_donchian_eth_prop      A        seed=4 exit=0 ev=+131.05 p=0.3227 (118.3s)
  trend_donchian_eth_prop      A        seed=5 exit=0 ev=+132.98 p=0.2988 (126.9s)
  trend_donchian_eth_prop      B        seed=1 exit=0 ev=+126.54 p=0.3060 (118.1s)
  trend_donchian_eth_prop      B        seed=2 exit=0 ev=+137.20 p=0.3200 (119.2s)
  trend_donchian_eth_prop      B        seed=3 exit=0 ev=+122.77 p=0.3028 (127.2s)
  trend_donchian_eth_prop      B        seed=4 exit=0 ev=+135.90 p=0.3290 (129.8s)
  trend_donchian_eth_prop      B        seed=5 exit=0 ev=+134.00 p=0.3123 (125.9s)
  trend_donchian_eth_prop      C-0.25   seed=1 exit=0 ev=+237.32 p=0.5102 (894.0s)
  trend_donchian_eth_prop      C-0.25   seed=2 exit=0 ev=+248.67 p=0.5350 (899.5s)
  trend_donchian_eth_prop      C-0.25   seed=3 exit=0 ev=+254.35 p=0.5315 (918.1s)
  trend_donchian_eth_prop      C-0.25   seed=4 exit=0 ev=+242.42 p=0.5215 (922.4s)
  trend_donchian_eth_prop      C-0.25   seed=5 exit=0 ev=+235.12 p=0.5325 (896.6s)
  trend_donchian_eth_prop      C-0.33   seed=1 exit=0 ev=+212.65 p=0.4410 (665.7s)
  trend_donchian_eth_prop      C-0.33   seed=2 exit=0 ev=+201.79 p=0.4402 (692.9s)
  trend_donchian_eth_prop      C-0.33   seed=3 exit=0 ev=+204.52 p=0.4308 (676.1s)
  trend_donchian_eth_prop      C-0.33   seed=4 exit=0 ev=+198.76 p=0.4318 (658.1s)
  trend_donchian_eth_prop      C-0.33   seed=5 exit=0 ev=+197.31 p=0.4387 (646.9s)
  trend_donchian_eth_prop      C-0.5    seed=1 exit=0 ev=+161.64 p=0.3463 (400.3s)
  trend_donchian_eth_prop      C-0.5    seed=2 exit=0 ev=+160.90 p=0.3620 (398.4s)
  trend_donchian_eth_prop      C-0.5    seed=3 exit=0 ev=+161.65 p=0.3480 (387.8s)
  trend_donchian_eth_prop      C-0.5    seed=4 exit=0 ev=+160.01 p=0.3548 (405.4s)
  trend_donchian_eth_prop      C-0.5    seed=5 exit=0 ev=+156.30 p=0.3595 (401.7s)
  trend_donchian_sol_prop      A        seed=1 exit=0 ev=+121.77 p=0.3508 (197.3s)
  trend_donchian_sol_prop      A        seed=2 exit=0 ev=+118.04 p=0.3628 (197.3s)
  trend_donchian_sol_prop      A        seed=3 exit=0 ev=+114.42 p=0.3520 (193.6s)
  trend_donchian_sol_prop      A        seed=4 exit=0 ev=+109.56 p=0.3448 (201.6s)
  trend_donchian_sol_prop      A        seed=5 exit=0 ev=+117.39 p=0.3603 (196.0s)
  trend_donchian_sol_prop      B        seed=1 exit=0 ev=+111.47 p=0.3395 (192.7s)
  trend_donchian_sol_prop      B        seed=2 exit=0 ev=+117.15 p=0.3513 (199.0s)
  trend_donchian_sol_prop      B        seed=3 exit=0 ev=+118.38 p=0.3568 (189.4s)
  trend_donchian_sol_prop      B        seed=4 exit=0 ev=+115.49 p=0.3545 (197.0s)
  trend_donchian_sol_prop      B        seed=5 exit=0 ev=+115.21 p=0.3518 (192.1s)
  trend_donchian_sol_prop      C-0.25   seed=1 exit=0 ev=+107.17 p=0.4313 (697.9s)
  trend_donchian_sol_prop      C-0.25   seed=2 exit=0 ev=+96.30 p=0.4233 (684.9s)
  trend_donchian_sol_prop      C-0.25   seed=3 exit=0 ev=+102.69 p=0.4268 (683.9s)
  trend_donchian_sol_prop      C-0.25   seed=4 exit=0 ev=+104.18 p=0.4240 (692.9s)
  trend_donchian_sol_prop      C-0.25   seed=5 exit=0 ev=+99.55 p=0.4198 (677.3s)
  trend_donchian_sol_prop      C-0.33   seed=1 exit=0 ev=+140.23 p=0.4407 (600.4s)
  trend_donchian_sol_prop      C-0.33   seed=2 exit=0 ev=+136.40 p=0.4313 (629.0s)
  trend_donchian_sol_prop      C-0.33   seed=3 exit=0 ev=+136.89 p=0.4310 (631.1s)
  trend_donchian_sol_prop      C-0.33   seed=4 exit=0 ev=+144.65 p=0.4430 (607.8s)
  trend_donchian_sol_prop      C-0.33   seed=5 exit=0 ev=+135.53 p=0.4218 (609.9s)
  trend_donchian_sol_prop      C-0.5    seed=1 exit=0 ev=+109.13 p=0.3535 (427.8s)
  trend_donchian_sol_prop      C-0.5    seed=2 exit=0 ev=+118.12 p=0.3590 (406.0s)
  trend_donchian_sol_prop      C-0.5    seed=3 exit=0 ev=+122.96 p=0.3658 (388.8s)
  trend_donchian_sol_prop      C-0.5    seed=4 exit=0 ev=+111.78 p=0.3495 (353.5s)
  trend_donchian_sol_prop      C-0.5    seed=5 exit=0 ev=+113.60 p=0.3470 (244.5s)
prop_ev_grid: overall=pass {"trend_donchian_eth_prop": "pass", "trend_donchian_sol_prop": "pass"}
